GAMS 49.4.0  6fb2fe8b Apr 6, 2025           LEX-LEG x86 64bit/Linux - 04/30/25 09:16:42 Page 1
G e n e r a l   A l g e b r a i c   M o d e l i n g   S y s t e m
C o m p i l a t i o n


  32  Model LP / flow_parity,LP_objective /;
  33  solve LP using MIP MIN LP_objective_variable
  34   


COMPILATION TIME     =        0.000 SECONDS      3 MB  49.4.0 6fb2fe8b LEX-LEG
GAMS 49.4.0  6fb2fe8b Apr 6, 2025           LEX-LEG x86 64bit/Linux - 04/30/25 09:16:42 Page 2
G e n e r a l   A l g e b r a i c   M o d e l i n g   S y s t e m
Model Statistics    SOLVE LP Using MIP From line 36


MODEL STATISTICS

BLOCKS OF EQUATIONS           2     SINGLE EQUATIONS          122
BLOCKS OF VARIABLES           2     SINGLE VARIABLES          375
NON ZERO ELEMENTS         1,123


GENERATION TIME      =        0.078 SECONDS      4 MB  49.4.0 6fb2fe8b LEX-LEG
GAMS 49.4.0  6fb2fe8b Apr 6, 2025           LEX-LEG x86 64bit/Linux - 04/30/25 09:16:42 Page 3
G e n e r a l   A l g e b r a i c   M o d e l i n g   S y s t e m
Solution Report     SOLVE LP Using MIP From line 36


               S O L V E      S U M M A R Y

     MODEL   LP                  OBJECTIVE  LP_objective_variable
     TYPE    MIP                 DIRECTION  MINIMIZE
     SOLVER  CPLEX               FROM LINE  36

**** SOLVER STATUS     1 Normal Completion
**** MODEL STATUS      1 Optimal
**** OBJECTIVE VALUE               19.0252

 RESOURCE USAGE, LIMIT          0.028 10000000000.000
 ITERATION COUNT, LIMIT       101    2147483647
--- GAMS/CPLEX licensed for continuous and discrete problems.
--- GMO setup time: 0.00s
--- Space for names approximately 0.03 Mb
--- Use option 'names no' to turn use of names off
--- GMO memory 0.56 Mb (peak 0.56 Mb)
--- Dictionary memory 0.00 Mb
--- Cplex 22.1.2.0 link memory 0.01 Mb (peak 0.05 Mb)
--- Starting Cplex


--- LP status (1): optimal.
--- Cplex Time: 0.03sec (det. 0.63 ticks)


Optimal solution found
Objective:           19.025200



**** REPORT SUMMARY :        0     NONOPT
                             0 INFEASIBLE
                             0  UNBOUNDED
GAMS 49.4.0  6fb2fe8b Apr 6, 2025           LEX-LEG x86 64bit/Linux - 04/30/25 09:16:42 Page 4
G e n e r a l   A l g e b r a i c   M o d e l i n g   S y s t e m
E x e c u t i o n


EXECUTION TIME       =        3.227 SECONDS      4 MB  49.4.0 6fb2fe8b LEX-LEG


USER: Academic User                                  G250402+0003Ac-GEN
      anhd@kth.se                                             GPA105743
      License for teaching and research at degree granting institutions


**** FILE SUMMARY

Input      /workspaces/SF2822/model no constraint/_0341eb0e-a331-4616-a54d-dfb5fd330f5d.gms
Output     /workspaces/SF2822/model no constraint/_0341eb0e-a331-4616-a54d-dfb5fd330f5d.lst
